Category: 📺央视频道, Name: CCTV-2, Total: 8, Valid: 8, Valid Percent: 100.00%, Whitelist: 0, IPv4: 8, IPv6: 0, Min Delay: 171 ms, Max Speed: 9.12 M/s, Avg Speed: 3.70 M/s, Max Resolution: 1920x1080
Category: 📺央视频道, Name: CCTV-3, Total: 4, Valid: 4, Valid Percent: 100.00%, Whitelist: 0, IPv4: 4, IPv6: 0, Min Delay: 2375 ms, Max Speed: 0.68 M/s, Avg Speed: 0.36 M/s, Max Resolution: 1920x1080
Category: 📺央视频道, Name: CCTV-4, Total: 8, Valid: 8, Valid Percent: 100.00%, Whitelist: 0, IPv4: 8, IPv6: 0, Min Delay: 45 ms, Max Speed: 115.69 M/s, Avg Speed: 73.02 M/s, Max Resolution: 1920x1080
Category: 📺央视频道, Name: CCTV-5, Total: 25, Valid: 25, Valid Percent: 100.00%, Whitelist: 0, IPv4: 25, IPv6: 0, Min Delay: 45 ms, Max Speed: 115.69 M/s, Avg Speed: 26.33 M/s, Max Resolution: 1920x1080
Category: 📺央视频道, Name: CCTV-5+, Total: 5, Valid: 5, Valid Percent: 100.00%, Whitelist: 0, IPv4: 5, IPv6: 0, Min Delay: 143 ms, Max Speed: 12.19 M/s, Avg Speed: 4.18 M/s, Max Resolution: 1920x1080
Category: 📺央视频道, Name: CCTV-6, Total: 21, Valid: 21, Valid Percent: 100.00%, Whitelist: 0, IPv4: 21, IPv6: 0, Min Delay: 45 ms, Max Speed: 115.69 M/s, Avg Speed: 41.44 M/s, Max Resolution: 1920x1080
Category: 📺央视频道, Name: CCTV-7, Total: 22, Valid: 22, Valid Percent: 100.00%, Whitelist: 0, IPv4: 22, IPv6: 0, Min Delay: 45 ms, Max Speed: 115.69 M/s, Avg Speed: 39.93 M/s, Max Resolution: 1920x1080
Category: 📺央视频道, Name: CCTV-8, Total: 25, Valid: 25, Valid Percent: 100.00%, Whitelist: 0, IPv4: 25, IPv6: 0, Min Delay: 45 ms, Max Speed: 115.69 M/s, Avg Speed: 32.45 M/s, Max Resolution: 1920x1080
Category: 📺央视频道, Name: CCTV-9, Total: 23, Valid: 23, Valid Percent: 100.00%, Whitelist: 0, IPv4: 23, IPv6: 0, Min Delay: 45 ms, Max Speed: 115.69 M/s, Avg Speed: 38.72 M/s, Max Resolution: 1920x1080
Category: 📺央视频道, Name: CCTV-10, Total: 26, Valid: 26, Valid Percent: 100.00%, Whitelist: 0, IPv4: 26, IPv6: 0, Min Delay: 45 ms, Max Speed: 115.69 M/s, Avg Speed: 33.96 M/s, Max Resolution: 1920x1080
Category: 📺央视频道, Name: CCTV-11, Total: 19, Valid: 19, Valid Percent: 100.00%, Whitelist: 0, IPv4: 19, IPv6: 0, Min Delay: 45 ms, Max Speed: 115.69 M/s, Avg Speed: 40.09 M/s, Max Resolution: 1920x1080
Category: 📺央视频道, Name: CCTV-12, Total: 20, Valid: 20, Valid Percent: 100.00%, Whitelist: 0, IPv4: 20, IPv6: 0, Min Delay: 45 ms, Max Speed: 115.69 M/s, Avg Speed: 43.87 M/s, Max Resolution: 1920x1080
Category: 📺央视频道, Name: CCTV-13, Total: 22, Valid: 22, Valid Percent: 100.00%, Whitelist: 0, IPv4: 18, IPv6: 4, Min Delay: 45 ms, Max Speed: 115.69 M/s, Avg Speed: 39.25 M/s, Max Resolution: 1920x1080
Category: 📺央视频道, Name: CCTV-14, Total: 25, Valid: 25, Valid Percent: 100.00%, Whitelist: 0, IPv4: 22, IPv6: 3, Min Delay: 45 ms, Max Speed: 115.69 M/s, Avg Speed: 35.32 M/s, Max Resolution: 1920x1080
Category: 📺央视频道, Name: CCTV-15, Total: 22, Valid: 22, Valid Percent: 100.00%, Whitelist: 0, IPv4: 22, IPv6: 0, Min Delay: 45 ms, Max Speed: 115.69 M/s, Avg Speed: 40.06 M/s, Max Resolution: 1920x1080
Category: 📺央视频道, Name: CCTV-16, Total: 18, Valid: 18, Valid Percent: 100.00%, Whitelist: 0, IPv4: 18, IPv6: 0, Min Delay: 45 ms, Max Speed: 115.69 M/s, Avg Speed: 29.67 M/s, Max Resolution: 1920x1080
Category: 📺央视频道, Name: CCTV-17, Total: 20, Valid: 20, Valid Percent: 100.00%, Whitelist: 0, IPv4: 20, IPv6: 0, Min Delay: 45 ms, Max Speed: 115.69 M/s, Avg Speed: 43.87 M/s, Max Resolution: 1920x1080
Category: 📡卫视频道, Name: 广东卫视, Total: 15, Valid: 15, Valid Percent: 100.00%, Whitelist: 0, IPv4: 15, IPv6: 0, Min Delay: 45 ms, Max Speed: 115.69 M/s, Avg Speed: 54.13 M/s, Max Resolution: 1920x1080
Category: 📡卫视频道, Name: 浙江卫视, Total: 15, Valid: 15, Valid Percent: 100.00%, Whitelist: 0, IPv4: 15, IPv6: 0, Min Delay: 45 ms, Max Speed: 115.69 M/s, Avg Speed: 49.41 M/s, Max Resolution: 1920x1080
Category: 📡卫视频道, Name: 湖南卫视, Total: 25, Valid: 25, Valid Percent: 100.00%, Whitelist: 0, IPv4: 23, IPv6: 2, Min Delay: 34 ms, Max Speed: 115.69 M/s, Avg Speed: 44.14 M/s, Max Resolution: 3840x2160
Category: 📡卫视频道, Name: 北京卫视, Total: 18, Valid: 18, Valid Percent: 100.00%, Whitelist: 0, IPv4: 18, IPv6: 0, Min Delay: 43 ms, Max Speed: 115.69 M/s, Avg Speed: 47.81 M/s, Max Resolution: 1920x1080
Category: 📡卫视频道, Name: 湖北卫视, Total: 16, Valid: 16, Valid Percent: 100.00%, Whitelist: 0, IPv4: 16, IPv6: 0, Min Delay: 43 ms, Max Speed: 115.69 M/s, Avg Speed: 54.04 M/s, Max Resolution: 1920x1080
Category: 📡卫视频道, Name: 黑龙江卫视, Total: 15, Valid: 15, Valid Percent: 100.00%, Whitelist: 0, IPv4: 15, IPv6: 0, Min Delay: 43 ms, Max Speed: 115.69 M/s, Avg Speed: 57.51 M/s, Max Resolution: 1920x1080
Category: 📡卫视频道, Name: 安徽卫视, Total: 16, Valid: 16, Valid Percent: 100.00%, Whitelist: 0, IPv4: 16, IPv6: 0, Min Delay: 45 ms, Max Speed: 115.69 M/s, Avg Speed: 54.12 M/s, Max Resolution: 1920x1080
Category: 📡卫视频道, Name: 重庆卫视, Total: 17, Valid: 17, Valid Percent: 100.00%, Whitelist: 0, IPv4: 17, IPv6: 0, Min Delay: 43 ms, Max Speed: 115.69 M/s, Avg Speed: 57.67 M/s, Max Resolution: 1920x1080
Category: 📡卫视频道, Name: 东方卫视, Total: 19, Valid: 19, Valid Percent: 100.00%, Whitelist: 0, IPv4: 19, IPv6: 0, Min Delay: 45 ms, Max Speed: 115.69 M/s, Avg Speed: 53.20 M/s, Max Resolution: 1920x1080
Category: 📡卫视频道, Name: 东南卫视, Total: 17, Valid: 17, Valid Percent: 100.00%, Whitelist: 0, IPv4: 16, IPv6: 1, Min Delay: 34 ms, Max Speed: 115.69 M/s, Avg Speed: 65.69 M/s, Max Resolution: 3840x2160
Category: 📡卫视频道, Name: 甘肃卫视, Total: 11, Valid: 11, Valid Percent: 100.00%, Whitelist: 0, IPv4: 11, IPv6: 0, Min Delay: 45 ms, Max Speed: 115.69 M/s, Avg Speed: 76.42 M/s, Max Resolution: 1920x1080
Category: 📡卫视频道, Name: 广西卫视, Total: 18, Valid: 17, Valid Percent: 94.44%, Whitelist: 0, IPv4: 16, IPv6: 2, Min Delay: 45 ms, Max Speed: 115.69 M/s, Avg Speed: 63.94 M/s, Max Resolution: 1920x1080
Category: 📡卫视频道, Name: 贵州卫视, Total: 17, Valid: 17, Valid Percent: 100.00%, Whitelist: 0, IPv4: 17, IPv6: 0, Min Delay: 45 ms, Max Speed: 115.69 M/s, Avg Speed: 71.03 M/s, Max Resolution: 1920x1080
Category: 📡卫视频道, Name: 海南卫视, Total: 11, Valid: 11, Valid Percent: 100.00%, Whitelist: 0, IPv4: 11, IPv6: 0, Min Delay: 43 ms, Max Speed: 115.69 M/s, Avg Speed: 74.55 M/s, Max Resolution: 1920x1080
Category: 📡卫视频道, Name: 河北卫视, Total: 18, Valid: 18, Valid Percent: 100.00%, Whitelist: 0, IPv4: 18, IPv6: 0, Min Delay: 43 ms, Max Speed: 115.69 M/s, Avg Speed: 60.82 M/s, Max Resolution: 1920x1080
Category: 📡卫视频道, Name: 河南卫视, Total: 19, Valid: 19, Valid Percent: 100.00%, Whitelist: 0, IPv4: 19, IPv6: 0, Min Delay: 45 ms, Max Speed: 115.69 M/s, Avg Speed: 63.84 M/s, Max Resolution: 1920x1080
Category: 📡卫视频道, Name: 吉林卫视, Total: 13, Valid: 13, Valid Percent: 100.00%, Whitelist: 0, IPv4: 13, IPv6: 0, Min Delay: 45 ms, Max Speed: 115.69 M/s, Avg Speed: 57.29 M/s, Max Resolution: 1920x1080
Category: 📡卫视频道, Name: 江苏卫视, Total: 20, Valid: 20, Valid Percent: 100.00%, Whitelist: 0, IPv4: 20, IPv6: 0, Min Delay: 45 ms, Max Speed: 115.69 M/s, Avg Speed: 44.79 M/s, Max Resolution: 1920x1080
Category: 📡卫视频道, Name: 江西卫视, Total: 15, Valid: 15, Valid Percent: 100.00%, Whitelist: 0, IPv4: 15, IPv6: 0, Min Delay: 43 ms, Max Speed: 115.69 M/s, Avg Speed: 57.51 M/s, Max Resolution: 1920x1080
Category: 📡卫视频道, Name: 辽宁卫视, Total: 16, Valid: 16, Valid Percent: 100.00%, Whitelist: 0, IPv4: 16, IPv6: 0, Min Delay: 45 ms, Max Speed: 115.69 M/s, Avg Speed: 61.13 M/s, Max Resolution: 1920x1080
Category: 📡卫视频道, Name: 内蒙古卫视, Total: 16, Valid: 16, Valid Percent: 100.00%, Whitelist: 0, IPv4: 14, IPv6: 2, Min Delay: 43 ms, Max Speed: 115.69 M/s, Avg Speed: 39.67 M/s, Max Resolution: 1920x1080
Category: 📡卫视频道, Name: 宁夏卫视, Total: 13, Valid: 13, Valid Percent: 100.00%, Whitelist: 0, IPv4: 13, IPv6: 0, Min Delay: 45 ms, Max Speed: 115.69 M/s, Avg Speed: 58.15 M/s, Max Resolution: 1920x1080
Category: 📡卫视频道, Name: 青海卫视, Total: 18, Valid: 18, Valid Percent: 100.00%, Whitelist: 0, IPv4: 16, IPv6: 2, Min Delay: 43 ms, Max Speed: 115.69 M/s, Avg Speed: 54.66 M/s, Max Resolution: 1920x1080
Category: 📡卫视频道, Name: 山东卫视, Total: 17, Valid: 17, Valid Percent: 100.00%, Whitelist: 0, IPv4: 17, IPv6: 0, Min Delay: 45 ms, Max Speed: 115.69 M/s, Avg Speed: 50.79 M/s, Max Resolution: 1920x1080
Category: 📡卫视频道, Name: 山西卫视, Total: 12, Valid: 12, Valid Percent: 100.00%, Whitelist: 0, IPv4: 12, IPv6: 0, Min Delay: 43 ms, Max Speed: 115.69 M/s, Avg Speed: 52.59 M/s, Max Resolution: 1920x1080
Category: 📡卫视频道, Name: 陕西卫视, Total: 12, Valid: 12, Valid Percent: 100.00%, Whitelist: 0, IPv4: 12, IPv6: 0, Min Delay: 43 ms, Max Speed: 115.69 M/s, Avg Speed: 33.49 M/s, Max Resolution: 1920x1080
Category: 📡卫视频道, Name: 四川卫视, Total: 19, Valid: 19, Valid Percent: 100.00%, Whitelist: 0, IPv4: 18, IPv6: 1, Min Delay: 34 ms, Max Speed: 115.69 M/s, Avg Speed: 65.49 M/s, Max Resolution: 3840x2160
Category: 📡卫视频道, Name: 深圳卫视, Total: 20, Valid: 20, Valid Percent: 100.00%, Whitelist: 0, IPv4: 20, IPv6: 0, Min Delay: 45 ms, Max Speed: 115.69 M/s, Avg Speed: 43.39 M/s, Max Resolution: 1920x1080
Category: 📡卫视频道, Name: 三沙卫视, Total: 11, Valid: 11, Valid Percent: 100.00%, Whitelist: 0, IPv4: 11, IPv6: 0, Min Delay: 45 ms, Max Speed: 115.69 M/s, Avg Speed: 66.13 M/s, Max Resolution: 1920x1080
Category: 📡卫视频道, Name: 天津卫视, Total: 16, Valid: 16, Valid Percent: 100.00%, Whitelist: 0, IPv4: 16, IPv6: 0, Min Delay: 45 ms, Max Speed: 115.69 M/s, Avg Speed: 46.00 M/s, Max Resolution: 1920x1080
Category: 📡卫视频道, Name: 西藏卫视, Total: 13, Valid: 13, Valid Percent: 100.00%, Whitelist: 0, IPv4: 11, IPv6: 2, Min Delay: 43 ms, Max Speed: 115.69 M/s, Avg Speed: 47.59 M/s, Max Resolution: 1920x1080
Category: 📡卫视频道, Name: 新疆卫视, Total: 15, Valid: 15, Valid Percent: 100.00%, Whitelist: 0, IPv4: 14, IPv6: 1, Min Delay: 43 ms, Max Speed: 115.69 M/s, Avg Speed: 42.12 M/s, Max Resolution: 1920x1080
Category: 📡卫视频道, Name: 云南卫视, Total: 19, Valid: 19, Valid Percent: 100.00%, Whitelist: 0, IPv4: 18, IPv6: 1, Min Delay: 45 ms, Max Speed: 115.69 M/s, Avg Speed: 57.51 M/s, Max Resolution: 1920x1080
